// Jest Snapshot v1, https://goo.gl/fbAQLP

exports[`renders as expected 1`] = `
<div
  className="c-WeatherCard"
>
  <div
    className="c-WeatherCard__date"
  >
    Thur 26 Jan 2018
  </div>
  <div
    className="c-WeatherCard__value"
  >
    <span
      className="c-WeatherCard__value-text"
    >
      Highs of 
    </span>
    °
    100
  </div>
  <div
    className="c-WeatherCard__value"
  >
    <span
      className="c-WeatherCard__value-text"
    >
      Lows of 
    </span>
    °
    1
  </div>
</div>
`;
